// Jest Snapshot v1, https://goo.gl/fbAQLP

exports[`<EditRecipe /> Should render EditRecipe component correctly 1`] = `
<div>
  <h1
    className="container add-h1"
  >
     Edit Recipe 
  </h1>
  <RecipesForm
    onSubmit={[Function]}
  />
</div>
`;
