// Jest Snapshot v1, https://goo.gl/fbAQLP

exports[`Should render footer correctly 1`] = `
<div>
  <footer
    className="footer"
  >
    <div
      className="container"
    >
      <span
        className="text-muted"
      >
        Â© Michael Inc. 2018
      </span>
    </div>
  </footer>
</div>
`;
