// Jest Snapshot v1, https://goo.gl/fbAQLP

exports[`<Loader /> Should mount the loader component 1`] = `
<div
  className="ring"
>
  <p
    className="loader-text"
  >
    Loading
  </p>
  <span
    className="loader-span"
  />
</div>
`;
