// Jest Snapshot v1, https://goo.gl/fbAQLP

exports[`<LoginPage /> Should render the login page correctly 1`] = `
<div>
  <LoginForm />
  <Footer />
</div>
`;
