// Jest Snapshot v1, https://goo.gl/fbAQLP

exports[`<Pagination /> Should render the Pagination component correctly 1`] = `
<div>
  <PaginationBoxView
    activeClassName="active"
    breakClassName="page-link"
    breakLabel={
      <a
        href=""
      >
        ...
      </a>
    }
    containerClassName="pagination pagination-lg custom-pagination"
    disableInitialCallback={false}
    disabledClassName="disabled"
    marginPagesDisplayed={3}
    nextClassName="page-item"
    nextLabel="Next"
    nextLinkClassName="page-link"
    pageClassName="page-item"
    pageCount={10}
    pageLinkClassName="page-link"
    pageRangeDisplayed={2}
    previousClassName="page-item"
    previousLabel="Previous"
    previousLinkClassName="page-link"
    subContainerClassName="pages pagination"
  />
</div>
`;
