// Jest Snapshot v1, https://goo.gl/fbAQLP

exports[`<SignupForm component /> Should render the sign-up form correctly 1`] = `
<div
  className="container #signupForm"
>
  <div
    className="card text-center card-form has-feedback"
  >
    <div
      className="card-body"
    >
      <form
        id="submitSignupForm"
        onSubmit={[Function]}
      >
        <h1
          className="sign-up-h3"
        >
          Register
        </h1>
        <div
          className="form-group"
        >
          <input
            autoComplete="username"
            className="form-control form-control-lg"
            id="username"
            name="username"
            onChange={[Function]}
            placeholder="Username"
            type="text"
            value=""
          />
        </div>
        <div
          className="form-group"
        >
          <input
            autoComplete="email"
            className="form-control form-control-lg"
            id="email"
            name="email"
            onChange={[Function]}
            placeholder="Email Address"
            type="email"
            value=""
          />
        </div>
        <div
          className="form-group"
        >
          <input
            autoComplete="new-password"
            className="form-control form-control-lg"
            id="password"
            name="password"
            onChange={[Function]}
            placeholder="Password"
            type="password"
            value=""
          />
        </div>
        <input
          className="btn submit-btn size-bt btn-block"
          id="submitButton"
          type="submit"
          value="Submit"
        />
      </form>
      <p>
         Have an account?
        <Link
          className="account"
          replace={false}
          to="/login"
        >
           
            Sign in
        </Link>
      </p>
    </div>
  </div>
</div>
`;
