// Jest Snapshot v1, https://goo.gl/fbAQLP

exports[`<guestLinks /> Should mount the guestlink component properly 1`] = `
<ul
  className="nav navbar-nav ml-auto"
>
  <li
    className="nav-item active"
  >
    <Link
      className="nav-link custom-link"
      replace={false}
      to="/"
    >
      Home
      <span
        className="sr-only"
      >
        (current)
      </span>
    </Link>
  </li>
  <li
    className="nav-item"
  >
    <Link
      className="nav-link custom-link"
      id="signupID"
      replace={false}
      to="/register"
    >
      Register
    </Link>
  </li>
  <li
    className="nav-item"
  >
    <Link
      className="nav-link custom-link logout"
      id="signinID"
      replace={false}
      to="/login"
    >
      Login
    </Link>
  </li>
</ul>
`;
