// Jest Snapshot v1, https://goo.gl/fbAQLP

exports[`Should render Add Recipe page correctly 1`] = `
<div>
  <h1
    className="container"
  >
     Add Recipe 
  </h1>
  <RecipesForm
    onSubmit={[Function]}
  />
</div>
`;
