// Jest Snapshot v1, https://goo.gl/fbAQLP

exports[`Should render the 404 page to the screen 1`] = `
<div>
  404 - 
  <Link
    replace={false}
    to="/"
  >
    Return to Homepage
  </Link>
</div>
`;
